// Jest Snapshot v1, https://goo.gl/fbAQLP

exports[`Anasayfa2 Snapshot Ozelligi  1`] = `<div><img height="300" width="1550" src="https://cdn.saatvesaat.com.tr/media/wysiwyg/Bulk/online-ozel-07-10.jpg" class="resim1"></div>`;
